Analyzing JpStudy-v2...                                         

  error - Missing concrete implementation of 'abstract class State<T extends StatefulWidget> with Diagnosticable.build' - lib\features\lesson\lesson_detail_screen.dart:35:7 - non_abstract_class_inherits_abstract_member
   info - The private field _showHints could be 'final' - lib\features\lesson\lesson_detail_screen.dart:36:8 - prefer_final_fields
   info - The private field _trackProgress could be 'final' - lib\features\lesson\lesson_detail_screen.dart:37:8 - prefer_final_fields
   info - The private field _autoPlay could be 'final' - lib\features\lesson\lesson_detail_screen.dart:38:8 - prefer_final_fields
   info - The private field _shuffle could be 'final' - lib\features\lesson\lesson_detail_screen.dart:40:8 - prefer_final_fields
   info - The private field _focusMode could be 'final' - lib\features\lesson\lesson_detail_screen.dart:41:8 - prefer_final_fields
   info - The private field _syncedTermIds could be 'final' - lib\features\lesson\lesson_detail_screen.dart:45:12 - prefer_final_fields
   info - The private field _mode could be 'final' - lib\features\lesson\lesson_detail_screen.dart:47:15 - prefer_final_fields
   info - The private field _currentIndex could be 'final' - lib\features\lesson\lesson_detail_screen.dart:48:7 - prefer_final_fields
   info - The private field _autoTotal could be 'final' - lib\features\lesson\lesson_detail_screen.dart:52:7 - prefer_final_fields
   info - The private field _reviewedCount could be 'final' - lib\features\lesson\lesson_detail_screen.dart:55:7 - prefer_final_fields
   info - The private field _reviewAgainCount could be 'final' - lib\features\lesson\lesson_detail_screen.dart:56:7 - prefer_final_fields
   info - The private field _reviewHardCount could be 'final' - lib\features\lesson\lesson_detail_screen.dart:57:7 - prefer_final_fields
   info - The private field _reviewGoodCount could be 'final' - lib\features\lesson\lesson_detail_screen.dart:58:7 - prefer_final_fields
   info - The private field _reviewEasyCount could be 'final' - lib\features\lesson\lesson_detail_screen.dart:59:7 - prefer_final_fields
  error - Undefined name '_audioPlayer' - lib\features\lesson\lesson_detail_screen.dart:69:5 - undefined_identifier
  error - The method 'AudioPlayer' isn't defined for the type '_LessonDetailScreenState' - lib\features\lesson\lesson_detail_screen.dart:69:20 - undefined_method
  error - Undefined name '_ttsService' - lib\features\lesson\lesson_detail_screen.dart:70:5 - undefined_identifier
  error - The method 'TtsService' isn't defined for the type '_LessonDetailScreenState' - lib\features\lesson\lesson_detail_screen.dart:70:19 - undefined_method
  error - Undefined name '_audioMode' - lib\features\lesson\lesson_detail_screen.dart:72:5 - undefined_identifier
  error - The method '_defaultAudioMode' isn't defined for the type '_LessonDetailScreenState' - lib\features\lesson\lesson_detail_screen.dart:72:18 - undefined_method
  error - Undefined name '_audioVoice' - lib\features\lesson\lesson_detail_screen.dart:73:5 - undefined_identifier
  error - The method '_defaultAudioVoice' isn't defined for the type '_LessonDetailScreenState' - lib\features\lesson\lesson_detail_screen.dart:73:19 - undefined_method
  error - Expected a class member - lib\features\lesson\lesson_detail_screen.dart:74:6 - expected_class_member
  error - Expected a class member - lib\features\lesson\lesson_detail_screen.dart:74:7 - expected_class_member
   info - Missing type annotation - lib\features\lesson\lesson_detail_screen.dart:75:5 - strict_top_level_inference
warning - The declaration '_loadSettings' isn't referenced - lib\features\lesson\lesson_detail_screen.dart:75:5 - unused_element
  error - '_loadSettings' must have a method body because '_LessonDetailScreenState' isn't abstract - lib\features\lesson\lesson_detail_screen.dart:75:5 - concrete_class_with_abstract_member
  error - Undefined name '_autoTimer' - lib\features\lesson\lesson_detail_screen.dart:81:5 - undefined_identifier
  error - Undefined name '_autoTimer' - lib\features\lesson\lesson_detail_screen.dart:82:5 - undefined_identifier
  error - Invalid context for 'super' invocation - lib\features\lesson\lesson_detail_screen.dart:84:5 - super_in_invalid_context
  error - Undefined name 'ref' - lib\features\lesson\lesson_detail_screen.dart:89:22 - undefined_identifier
  error - Undefined name 'ref' - lib\features\lesson\lesson_detail_screen.dart:90:19 - undefined_identifier
  error - Undefined name 'widget' - lib\features\lesson\lesson_detail_screen.dart:91:48 - undefined_identifier
  error - Undefined name 'ref' - lib\features\lesson\lesson_detail_screen.dart:92:24 - undefined_identifier
  error - Undefined name 'widget' - lib\features\lesson\lesson_detail_screen.dart:93:43 - undefined_identifier
  error - Undefined name 'ref' - lib\features\lesson\lesson_detail_screen.dart:95:24 - undefined_identifier
  error - Undefined name 'widget' - lib\features\lesson\lesson_detail_screen.dart:97:25 - undefined_identifier
  error - Undefined name '_mode' - lib\features\lesson\lesson_detail_screen.dart:106:22 - undefined_identifier
  error - Undefined name 'ref' - lib\features\lesson\lesson_detail_screen.dart:107:11 - undefined_identifier
  error - Undefined name 'widget' - lib\features\lesson\lesson_detail_screen.dart:107:44 - undefined_identifier
  error - Undefined name '_mode' - lib\features\lesson\lesson_detail_screen.dart:110:9 - undefined_identifier
  error - Undefined name '_currentIndex' - lib\features\lesson\lesson_detail_screen.dart:118:11 - undefined_identifier
  error - Undefined name '_starredTermIds' - lib\features\lesson\lesson_detail_screen.dart:121:41 - undefined_identifier
  error - Undefined name '_starredTermIds' - lib\features\lesson\lesson_detail_screen.dart:125:9 - undefined_identifier
  error - Undefined name '_learnedTermIds' - lib\features\lesson\lesson_detail_screen.dart:127:9 - undefined_identifier
  error - Undefined name '_flippedTermIds' - lib\features\lesson\lesson_detail_screen.dart:129:32 - undefined_identifier
  error - Undefined name '_autoPlay' - lib\features\lesson\lesson_detail_screen.dart:133:9 - undefined_identifier
  error - Undefined name '_autoTotal' - lib\features\lesson\lesson_detail_screen.dart:133:36 - undefined_identifier
  error - Undefined name '_autoTotal' - lib\features\lesson\lesson_detail_screen.dart:134:7 - undefined_identifier
  error - Undefined name 'mounted' - lib\features\lesson\lesson_detail_screen.dart:136:13 - undefined_identifier
  error - The function '_maybeAutoSpeak' isn't defined - lib\features\lesson\lesson_detail_screen.dart:141:5 - undefined_function
  error - Undefined name '_focusMode' - lib\features\lesson\lesson_detail_screen.dart:144:15 - undefined_identifier
  error - Undefined name '_focusMode' - lib\features\lesson\lesson_detail_screen.dart:204:48 - undefined_identifier
  error - Undefined name '_focusMode' - lib\features\lesson\lesson_detail_screen.dart:208:24 - undefined_identifier
  error - Undefined name '_mode' - lib\features\lesson\lesson_detail_screen.dart:211:29 - undefined_identifier
  error - The function 'setState' isn't defined - lib\features\lesson\lesson_detail_screen.dart:213:25 - undefined_function
  error - Undefined name '_mode' - lib\features\lesson\lesson_detail_screen.dart:214:27 - undefined_identifier
  error - Undefined name '_currentIndex' - lib\features\lesson\lesson_detail_screen.dart:215:27 - undefined_identifier
  error - Undefined name '_shuffledOrder' - lib\features\lesson\lesson_detail_screen.dart:216:27 - undefined_identifier
  error - Undefined name '_mode' - lib\features\lesson\lesson_detail_screen.dart:230:25 - undefined_identifier
  error - Undefined name 'widget' - lib\features\lesson\lesson_detail_screen.dart:237:33 - undefined_identifier
  error - Undefined name '_focusMode' - lib\features\lesson\lesson_detail_screen.dart:246:35 - undefined_identifier
  error - Undefined name 'AudioService' - lib\features\lesson\lesson_detail_screen.dart:250:33 - undefined_identifier
  error - Undefined name 'AudioService' - lib\features\lesson\lesson_detail_screen.dart:253:33 - undefined_identifier
  error - Undefined name '_showHints' - lib\features\lesson\lesson_detail_screen.dart:275:46 - undefined_identifier
  error - Undefined name '_trackProgress' - lib\features\lesson\lesson_detail_screen.dart:277:50 - undefined_identifier
  error - Undefined name '_mode' - lib\features\lesson\lesson_detail_screen.dart:280:47 - undefined_identifier
  error - Undefined name 'widget' - lib\features\lesson\lesson_detail_screen.dart:287:48 - undefined_identifier
  error - Undefined name '_trackProgress' - lib\features\lesson\lesson_detail_screen.dart:292:47 - undefined_identifier
  error - Undefined name '_mode' - lib\features\lesson\lesson_detail_screen.dart:302:23 - undefined_identifier
  error - Undefined name '_reviewedCount' - lib\features\lesson\lesson_detail_screen.dart:314:33 - undefined_identifier
  error - Undefined name '_reviewAgainCount' - lib\features\lesson\lesson_detail_screen.dart:315:30 - undefined_identifier
  error - Undefined name '_reviewHardCount' - lib\features\lesson\lesson_detail_screen.dart:316:29 - undefined_identifier
  error - Undefined name '_reviewGoodCount' - lib\features\lesson\lesson_detail_screen.dart:317:29 - undefined_identifier
  error - Undefined name '_reviewEasyCount' - lib\features\lesson\lesson_detail_screen.dart:318:29 - undefined_identifier
  error - Undefined name '_trackProgress' - lib\features\lesson\lesson_detail_screen.dart:329:24 - undefined_identifier
  error - Undefined name '_shuffle' - lib\features\lesson\lesson_detail_screen.dart:335:18 - undefined_identifier
  error - Undefined name '_autoPlay' - lib\features\lesson\lesson_detail_screen.dart:336:19 - undefined_identifier
  error - Undefined name '_speed' - lib\features\lesson\lesson_detail_screen.dart:337:16 - undefined_identifier
  error - Undefined name '_focusMode' - lib\features\lesson\lesson_detail_screen.dart:338:21 - undefined_identifier
  error - Undefined name '_shuffle' - lib\features\lesson\lesson_detail_screen.dart:349:10 - undefined_identifier
  error - Undefined name '_shuffledOrder' - lib\features\lesson\lesson_detail_screen.dart:350:7 - undefined_identifier
  error - Undefined name '_shuffledOrder' - lib\features\lesson\lesson_detail_screen.dart:354:7 - undefined_identifier
  error - Undefined name '_shuffledOrder' - lib\features\lesson\lesson_detail_screen.dart:358:19 - undefined_identifier
  error - Undefined name '_random' - lib\features\lesson\lesson_detail_screen.dart:362:47 - undefined_identifier
  error - Undefined name '_shuffledOrder' - lib\features\lesson\lesson_detail_screen.dart:363:7 - undefined_identifier
  error - Undefined name '_shuffledOrder' - lib\features\lesson\lesson_detail_screen.dart:366:12 - undefined_identifier
  error - Undefined name 'ref' - lib\features\lesson\lesson_detail_screen.dart:373:18 - undefined_identifier
  error - Undefined name '_starredTermIds' - lib\features\lesson\lesson_detail_screen.dart:374:27 - undefined_identifier
  error - The function 'setState' isn't defined - lib\features\lesson\lesson_detail_screen.dart:375:5 - undefined_function
  error - Undefined name '_starredTermIds' - lib\features\lesson\lesson_detail_screen.dart:377:9 - undefined_identifier
  error - Undefined name '_starredTermIds' - lib\features\lesson\lesson_detail_screen.dart:381:9 - undefined_identifier
  error - Undefined name 'widget' - lib\features\lesson\lesson_detail_screen.dart:384:36 - undefined_identifier
  error - Undefined name 'ref' - lib\features\lesson\lesson_detail_screen.dart:385:5 - undefined_identifier
  error - Undefined name 'ref' - lib\features\lesson\lesson_detail_screen.dart:392:18 - undefined_identifier
  error - Undefined name '_starredTermIds' - lib\features\lesson\lesson_detail_screen.dart:393:24 - undefined_identifier
  error - The function 'setState' isn't defined - lib\features\lesson\lesson_detail_screen.dart:394:5 - undefined_function
  error - Undefined name '_starredTermIds' - lib\features\lesson\lesson_detail_screen.dart:396:9 - undefined_identifier
  error - Undefined name '_starredTermIds' - lib\features\lesson\lesson_detail_screen.dart:398:9 - undefined_identifier
  error - Undefined name 'widget' - lib\features\lesson\lesson_detail_screen.dart:403:17 - undefined_identifier
  error - Undefined name 'ref' - lib\features\lesson\lesson_detail_screen.dart:406:5 - undefined_identifier
  error - Undefined name 'ref' - lib\features\lesson\lesson_detail_screen.dart:413:18 - undefined_identifier
  error - Undefined name '_learnedTermIds' - lib\features\lesson\lesson_detail_screen.dart:414:24 - undefined_identifier
  error - The function 'setState' isn't defined - lib\features\lesson\lesson_detail_screen.dart:415:5 - undefined_function
  error - Undefined name '_learnedTermIds' - lib\features\lesson\lesson_detail_screen.dart:417:9 - undefined_identifier
  error - Undefined name '_learnedTermIds' - lib\features\lesson\lesson_detail_screen.dart:419:9 - undefined_identifier
  error - Undefined name 'widget' - lib\features\lesson\lesson_detail_screen.dart:424:17 - undefined_identifier
  error - Undefined name 'ref' - lib\features\lesson\lesson_detail_screen.dart:440:5 - undefined_identifier
  error - Undefined name 'ref' - lib\features\lesson\lesson_detail_screen.dart:441:5 - undefined_identifier
  error - Undefined name 'widget' - lib\features\lesson\lesson_detail_screen.dart:441:43 - undefined_identifier
  error - Undefined name 'ref' - lib\features\lesson\lesson_detail_screen.dart:445:18 - undefined_identifier
  error - Undefined name 'ref' - lib\features\lesson\lesson_detail_screen.dart:449:5 - undefined_identifier
  error - Undefined name 'widget' - lib\features\lesson\lesson_detail_screen.dart:449:43 - undefined_identifier
  error - Undefined name 'mounted' - lib\features\lesson\lesson_detail_screen.dart:450:10 - undefined_identifier
  error - The function 'setState' isn't defined - lib\features\lesson\lesson_detail_screen.dart:453:5 - undefined_function
  error - Undefined name '_currentIndex' - lib\features\lesson\lesson_detail_screen.dart:455:7 - undefined_identifier
  error - The function 'setState' isn't defined - lib\features\lesson\lesson_detail_screen.dart:463:5 - undefined_function
  error - Undefined name '_flippedTermIds' - lib\features\lesson\lesson_detail_screen.dart:464:11 - undefined_identifier
  error - Undefined name '_flippedTermIds' - lib\features\lesson\lesson_detail_screen.dart:465:9 - undefined_identifier
  error - Undefined name '_flippedTermIds' - lib\features\lesson\lesson_detail_screen.dart:467:9 - undefined_identifier
  error - Undefined name '_reviewedCount' - lib\features\lesson\lesson_detail_screen.dart:473:5 - undefined_identifier
  error - Undefined name '_reviewAgainCount' - lib\features\lesson\lesson_detail_screen.dart:474:5 - undefined_identifier
  error - Undefined name '_reviewHardCount' - lib\features\lesson\lesson_detail_screen.dart:475:5 - undefined_identifier
  error - Undefined name '_reviewGoodCount' - lib\features\lesson\lesson_detail_screen.dart:476:5 - undefined_identifier
  error - Undefined name '_reviewEasyCount' - lib\features\lesson\lesson_detail_screen.dart:477:5 - undefined_identifier
  error - Undefined name '_reviewedCount' - lib\features\lesson\lesson_detail_screen.dart:481:5 - undefined_identifier
  error - Undefined name '_reviewAgainCount' - lib\features\lesson\lesson_detail_screen.dart:484:9 - undefined_identifier
  error - Undefined name '_reviewHardCount' - lib\features\lesson\lesson_detail_screen.dart:487:9 - undefined_identifier
  error - Undefined name '_reviewGoodCount' - lib\features\lesson\lesson_detail_screen.dart:490:9 - undefined_identifier
  error - Undefined name '_reviewEasyCount' - lib\features\lesson\lesson_detail_screen.dart:493:9 - undefined_identifier
  error - The function 'setState' isn't defined - lib\features\lesson\lesson_detail_screen.dart:499:5 - undefined_function
  error - Undefined name '_showHints' - lib\features\lesson\lesson_detail_screen.dart:499:20 - undefined_identifier
  error - Undefined name '_prefShowHints' - lib\features\lesson\lesson_detail_screen.dart:500:15 - undefined_identifier
  error - The function 'setState' isn't defined - lib\features\lesson\lesson_detail_screen.dart:504:5 - undefined_function
  error - Undefined name '_trackProgress' - lib\features\lesson\lesson_detail_screen.dart:504:20 - undefined_identifier
  error - Undefined name '_prefTrackProgress' - lib\features\lesson\lesson_detail_screen.dart:505:15 - undefined_identifier
warning - The declaration '_updateAutoSpeak' isn't referenced - lib\features\lesson\lesson_detail_screen.dart:508:8 - unused_element
  error - The function 'setState' isn't defined - lib\features\lesson\lesson_detail_screen.dart:509:5 - undefined_function
  error - Undefined name '_autoSpeak' - lib\features\lesson\lesson_detail_screen.dart:509:20 - undefined_identifier
  error - Undefined name '_lastAutoSpeakTermId' - lib\features\lesson\lesson_detail_screen.dart:511:7 - undefined_identifier
  error - Undefined name '_prefAutoSpeak' - lib\features\lesson\lesson_detail_screen.dart:513:15 - undefined_identifier
  error - Undefined name '_focusMode' - lib\features\lesson\lesson_detail_screen.dart:517:24 - undefined_identifier
  error - The function 'setState' isn't defined - lib\features\lesson\lesson_detail_screen.dart:518:5 - undefined_function
  error - Undefined name '_focusMode' - lib\features\lesson\lesson_detail_screen.dart:518:20 - undefined_identifier
  error - Undefined name '_prefFocusMode' - lib\features\lesson\lesson_detail_screen.dart:519:15 - undefined_identifier
warning - The declaration '_loadSettings' isn't referenced - lib\features\lesson\lesson_detail_screen.dart:522:16 - unused_element
  error - Undefined name 'mounted' - lib\features\lesson\lesson_detail_screen.dart:524:10 - undefined_identifier
  error - The function 'setState' isn't defined - lib\features\lesson\lesson_detail_screen.dart:527:5 - undefined_function
  error - Undefined name '_prefs' - lib\features\lesson\lesson_detail_screen.dart:528:7 - undefined_identifier
  error - Undefined name '_showHints' - lib\features\lesson\lesson_detail_screen.dart:529:7 - undefined_identifier
  error - Undefined name '_prefShowHints' - lib\features\lesson\lesson_detail_screen.dart:529:34 - undefined_identifier
  error - Undefined name '_trackProgress' - lib\features\lesson\lesson_detail_screen.dart:530:7 - undefined_identifier
  error - Undefined name '_prefTrackProgress' - lib\features\lesson\lesson_detail_screen.dart:530:38 - undefined_identifier
  error - Undefined name '_autoPlay' - lib\features\lesson\lesson_detail_screen.dart:531:7 - undefined_identifier
  error - Undefined name '_prefAutoPlay' - lib\features\lesson\lesson_detail_screen.dart:531:33 - undefined_identifier
  error - Undefined name '_prefs' - lib\features\lesson\lesson_detail_screen.dart:537:19 - undefined_identifier
  error - Undefined name '_prefs' - lib\features\lesson\lesson_detail_screen.dart:538:5 - undefined_identifier
  error - Undefined name '_prefs' - lib\features\lesson\lesson_detail_screen.dart:543:19 - undefined_identifier
  error - Undefined name '_prefs' - lib\features\lesson\lesson_detail_screen.dart:544:5 - undefined_identifier
warning - The declaration '_saveString' isn't referenced - lib\features\lesson\lesson_detail_screen.dart:548:16 - unused_element
  error - Undefined name '_prefs' - lib\features\lesson\lesson_detail_screen.dart:549:19 - undefined_identifier
  error - Undefined name '_prefs' - lib\features\lesson\lesson_detail_screen.dart:550:5 - undefined_identifier
  error - Undefined name '_syncedTermIds' - lib\features\lesson\lesson_detail_screen.dart:573:40 - undefined_identifier
  error - Undefined name '_starredTermIds' - lib\features\lesson\lesson_detail_screen.dart:574:30 - undefined_identifier
  error - Undefined name '_learnedTermIds' - lib\features\lesson\lesson_detail_screen.dart:575:30 - undefined_identifier
  error - Undefined name 'mounted' - lib\features\lesson\lesson_detail_screen.dart:580:12 - undefined_identifier
  error - The function 'setState' isn't defined - lib\features\lesson\lesson_detail_screen.dart:583:7 - undefined_function
  error - Undefined name '_syncedTermIds' - lib\features\lesson\lesson_detail_screen.dart:584:9 - undefined_identifier
  error - Undefined name '_starredTermIds' - lib\features\lesson\lesson_detail_screen.dart:585:9 - undefined_identifier
  error - Undefined name '_learnedTermIds' - lib\features\lesson\lesson_detail_screen.dart:588:9 - undefined_identifier
  error - The function 'setState' isn't defined - lib\features\lesson\lesson_detail_screen.dart:603:5 - undefined_function
  error - Undefined name '_currentIndex' - lib\features\lesson\lesson_detail_screen.dart:604:7 - undefined_identifier
  error - Undefined name '_currentIndex' - lib\features\lesson\lesson_detail_screen.dart:604:24 - undefined_identifier
  error - The function 'setState' isn't defined - lib\features\lesson\lesson_detail_screen.dart:612:5 - undefined_function
  error - Undefined name '_currentIndex' - lib\features\lesson\lesson_detail_screen.dart:613:7 - undefined_identifier
  error - Undefined name '_currentIndex' - lib\features\lesson\lesson_detail_screen.dart:613:24 - undefined_identifier
  error - The function 'setState' isn't defined - lib\features\lesson\lesson_detail_screen.dart:621:5 - undefined_function
  error - Undefined name '_currentIndex' - lib\features\lesson\lesson_detail_screen.dart:622:7 - undefined_identifier
  error - Undefined name '_currentIndex' - lib\features\lesson\lesson_detail_screen.dart:622:24 - undefined_identifier
  error - Undefined name 'widget' - lib\features\lesson\lesson_detail_screen.dart:638:33 - undefined_identifier
  error - Undefined name 'context' - lib\features\lesson\lesson_detail_screen.dart:664:16 - undefined_identifier
  error - Undefined name 'context' - lib\features\lesson\lesson_detail_screen.dart:722:27 - undefined_identifier
  error - Undefined name 'ref' - lib\features\lesson\lesson_detail_screen.dart:737:18 - undefined_identifier
  error - Undefined name 'widget' - lib\features\lesson\lesson_detail_screen.dart:739:7 - undefined_identifier
  error - Undefined name 'ref' - lib\features\lesson\lesson_detail_screen.dart:749:5 - undefined_identifier
  error - Undefined name 'ref' - lib\features\lesson\lesson_detail_screen.dart:750:5 - undefined_identifier
  error - Undefined name 'widget' - lib\features\lesson\lesson_detail_screen.dart:753:11 - undefined_identifier
  error - Undefined name 'widget' - lib\features\lesson\lesson_detail_screen.dart:755:32 - undefined_identifier
  error - Undefined name 'context' - lib\features\lesson\lesson_detail_screen.dart:766:16 - undefined_identifier
  error - Undefined name 'ref' - lib\features\lesson\lesson_detail_screen.dart:786:20 - undefined_identifier
  error - Undefined name 'widget' - lib\features\lesson\lesson_detail_screen.dart:787:38 - undefined_identifier
  error - Undefined name 'ref' - lib\features\lesson\lesson_detail_screen.dart:788:7 - undefined_identifier
  error - Undefined name 'ref' - lib\features\lesson\lesson_detail_screen.dart:789:7 - undefined_identifier
  error - Undefined name 'widget' - lib\features\lesson\lesson_detail_screen.dart:789:45 - undefined_identifier
  error - Undefined name 'ref' - lib\features\lesson\lesson_detail_screen.dart:790:7 - undefined_identifier
  error - Undefined name 'widget' - lib\features\lesson\lesson_detail_screen.dart:793:13 - undefined_identifier
  error - Undefined name 'widget' - lib\features\lesson\lesson_detail_screen.dart:795:34 - undefined_identifier
  error - Undefined name 'mounted' - lib\features\lesson\lesson_detail_screen.dart:799:12 - undefined_identifier
  error - Undefined name 'context' - lib\features\lesson\lesson_detail_screen.dart:802:28 - undefined_identifier
  error - Undefined name 'mounted' - lib\features\lesson\lesson_detail_screen.dart:806:12 - undefined_identifier
  error - Undefined name 'context' - lib\features\lesson\lesson_detail_screen.dart:809:28 - undefined_identifier
  error - Undefined name 'context' - lib\features\lesson\lesson_detail_screen.dart:821:28 - undefined_identifier
  error - Undefined name 'ref' - lib\features\lesson\lesson_detail_screen.dart:826:18 - undefined_identifier
  error - Undefined name 'ref' - lib\features\lesson\lesson_detail_screen.dart:828:15 - undefined_identifier
  error - Undefined name 'mounted' - lib\features\lesson\lesson_detail_screen.dart:829:10 - undefined_identifier
  error - Undefined name 'widget' - lib\features\lesson\lesson_detail_screen.dart:833:41 - undefined_identifier
  error - Undefined name 'context' - lib\features\lesson\lesson_detail_screen.dart:836:16 - undefined_identifier
  error - Undefined name 'mounted' - lib\features\lesson\lesson_detail_screen.dart:871:10 - undefined_identifier
  error - Undefined name 'mounted' - lib\features\lesson\lesson_detail_screen.dart:877:12 - undefined_identifier
  error - Undefined name 'context' - lib\features\lesson\lesson_detail_screen.dart:883:18 - undefined_identifier
  error - Undefined name 'mounted' - lib\features\lesson\lesson_detail_screen.dart:931:12 - undefined_identifier
  error - Undefined name 'context' - lib\features\lesson\lesson_detail_screen.dart:950:30 - undefined_identifier
  error - Undefined name 'ref' - lib\features\lesson\lesson_detail_screen.dart:956:7 - undefined_identifier
  error - Undefined name 'mounted' - lib\features\lesson\lesson_detail_screen.dart:957:12 - undefined_identifier
  error - Undefined name 'context' - lib\features\lesson\lesson_detail_screen.dart:963:28 - undefined_identifier
  error - Undefined name 'mounted' - lib\features\lesson\lesson_detail_screen.dart:967:12 - undefined_identifier
  error - Undefined name 'context' - lib\features\lesson\lesson_detail_screen.dart:970:28 - undefined_identifier
  error - Undefined name 'widget' - lib\features\lesson\lesson_detail_screen.dart:983:31 - undefined_identifier
  error - Undefined name 'context' - lib\features\lesson\lesson_detail_screen.dart:998:16 - undefined_identifier
  error - Undefined name 'mounted' - lib\features\lesson\lesson_detail_screen.dart:1023:10 - undefined_identifier
  error - Undefined name 'context' - lib\features\lesson\lesson_detail_screen.dart:1026:26 - undefined_identifier
  error - Undefined name '_shuffle' - lib\features\lesson\lesson_detail_screen.dart:1033:24 - undefined_identifier
  error - The function 'setState' isn't defined - lib\features\lesson\lesson_detail_screen.dart:1034:5 - undefined_function
  error - Undefined name '_shuffle' - lib\features\lesson\lesson_detail_screen.dart:1035:7 - undefined_identifier
  error - Undefined name '_shuffledOrder' - lib\features\lesson\lesson_detail_screen.dart:1039:11 - undefined_identifier
  error - Undefined name '_currentIndex' - lib\features\lesson\lesson_detail_screen.dart:1040:11 - undefined_identifier
  error - Undefined name '_random' - lib\features\lesson\lesson_detail_screen.dart:1043:21 - undefined_identifier
  error - Undefined name '_shuffledOrder' - lib\features\lesson\lesson_detail_screen.dart:1044:9 - undefined_identifier
  error - Undefined name '_currentIndex' - lib\features\lesson\lesson_detail_screen.dart:1046:11 - undefined_identifier
  error - Undefined name '_currentIndex' - lib\features\lesson\lesson_detail_screen.dart:1048:11 - undefined_identifier
  error - Undefined name '_shuffledOrder' - lib\features\lesson\lesson_detail_screen.dart:1051:9 - undefined_identifier
  error - Undefined name '_currentIndex' - lib\features\lesson\lesson_detail_screen.dart:1055:11 - undefined_identifier
  error - Undefined name '_currentIndex' - lib\features\lesson\lesson_detail_screen.dart:1057:11 - undefined_identifier
  error - Undefined name '_prefShuffle' - lib\features\lesson\lesson_detail_screen.dart:1061:15 - undefined_identifier
  error - Undefined name '_currentIndex' - lib\features\lesson\lesson_detail_screen.dart:1069:19 - undefined_identifier
  error - Undefined name '_autoPlay' - lib\features\lesson\lesson_detail_screen.dart:1074:24 - undefined_identifier
  error - The function 'setState' isn't defined - lib\features\lesson\lesson_detail_screen.dart:1075:5 - undefined_function
  error - Undefined name '_autoPlay' - lib\features\lesson\lesson_detail_screen.dart:1075:20 - undefined_identifier
  error - Undefined name '_prefAutoPlay' - lib\features\lesson\lesson_detail_screen.dart:1076:15 - undefined_identifier
  error - The function 'setState' isn't defined - lib\features\lesson\lesson_detail_screen.dart:1081:5 - undefined_function
  error - Undefined name '_speed' - lib\features\lesson\lesson_detail_screen.dart:1081:20 - undefined_identifier
  error - Undefined name '_prefSpeed' - lib\features\lesson\lesson_detail_screen.dart:1082:17 - undefined_identifier
  error - Undefined name '_autoTimer' - lib\features\lesson\lesson_detail_screen.dart:1087:5 - undefined_identifier
  error - Undefined name '_autoPlay' - lib\features\lesson\lesson_detail_screen.dart:1088:10 - undefined_identifier
  error - Undefined name '_speed' - lib\features\lesson\lesson_detail_screen.dart:1092:17 - undefined_identifier
  error - Undefined name '_autoTimer' - lib\features\lesson\lesson_detail_screen.dart:1093:5 - undefined_identifier
  error - Undefined name 'mounted' - lib\features\lesson\lesson_detail_screen.dart:1096:14 - undefined_identifier
  error - Undefined name '_autoPlay' - lib\features\lesson\lesson_detail_screen.dart:1096:26 - undefined_identifier
  error - Undefined name 'context' - lib\features\lesson\lesson_detail_screen.dart:1110:16 - undefined_identifier
  error - Undefined name '_showHints' - lib\features\lesson\lesson_detail_screen.dart:1134:30 - undefined_identifier
  error - Undefined name '_trackProgress' - lib\features\lesson\lesson_detail_screen.dart:1143:30 - undefined_identifier
  error - Undefined name '_shuffle' - lib\features\lesson\lesson_detail_screen.dart:1152:30 - undefined_identifier
  error - Undefined name '_autoPlay' - lib\features\lesson\lesson_detail_screen.dart:1161:30 - undefined_identifier
  error - Undefined name '_speed' - lib\features\lesson\lesson_detail_screen.dart:1170:30 - undefined_identifier
  error - Undefined name '_speed' - lib\features\lesson\lesson_detail_screen.dart:1174:33 - undefined_identifier
  error - Expected a method, getter, setter or operator declaration - lib\features\lesson\lesson_detail_screen.dart:1190:1 - expected_executable
  error - The named parameter 'useAudioPrompt' is required, but there's no corresponding argument - lib\features\lesson\lesson_practice_screen.dart:106:22 - missing_required_argument
  error - The named parameter 'useAudioPrompt' is required, but there's no corresponding argument - lib\features\lesson\lesson_practice_screen.dart:113:22 - missing_required_argument
  error - 'useAudioPrompt' isn't a field in the enclosing class - lib\features\lesson\lesson_practice_screen.dart:844:5 - initializing_formal_for_non_existent_field
   info - The private field _lastCorrect could be 'final' - lib\features\lesson\lesson_practice_screen.dart:866:8 - prefer_final_fields
  error - The named parameter 'onRestart' is required, but there's no corresponding argument - lib\features\lesson\lesson_practice_screen.dart:892:14 - missing_required_argument
  error - The named parameter 'restartLabel' is required, but there's no corresponding argument - lib\features\lesson\lesson_practice_screen.dart:892:14 - missing_required_argument
  error - The named parameter 'subtitle' is required, but there's no corresponding argument - lib\features\lesson\lesson_practice_screen.dart:892:14 - missing_required_argument
  error - The named parameter 'title' is required, but there's no corresponding argument - lib\features\lesson\lesson_practice_screen.dart:892:14 - missing_required_argument
  error - Unexpected text 'return' - lib\features\lesson\lesson_practice_screen.dart:893:7 - unexpected_token
  error - Too many positional arguments: 0 expected, but 1 found - lib\features\lesson\lesson_practice_screen.dart:893:14 - extra_positional_arguments_could_be_named
  error - Expected to find ')' - lib\features\lesson\lesson_practice_screen.dart:901:8 - expected_token
  error - Expected a class member - lib\features\lesson\lesson_practice_screen.dart:958:6 - expected_class_member
  error - Expected a class member - lib\features\lesson\lesson_practice_screen.dart:958:7 - expected_class_member
  error - Undefined name '_answerController' - lib\features\lesson\lesson_practice_screen.dart:963:19 - undefined_identifier
  error - The function 'setState' isn't defined - lib\features\lesson\lesson_practice_screen.dart:965:5 - undefined_function
  error - Undefined name '_answeredCount' - lib\features\lesson\lesson_practice_screen.dart:966:7 - undefined_identifier
  error - Undefined name '_showResult' - lib\features\lesson\lesson_practice_screen.dart:967:7 - undefined_identifier
  error - Undefined name '_lastCorrect' - lib\features\lesson\lesson_practice_screen.dart:968:7 - undefined_identifier
  error - Undefined name '_correctCount' - lib\features\lesson\lesson_practice_screen.dart:970:9 - undefined_identifier
  error - Undefined name '_xpEarned' - lib\features\lesson\lesson_practice_screen.dart:971:9 - undefined_identifier
  error - Undefined name '_xpEarned' - lib\features\lesson\lesson_practice_screen.dart:973:9 - undefined_identifier
  error - The function 'setState' isn't defined - lib\features\lesson\lesson_practice_screen.dart:979:5 - undefined_function
  error - Undefined name '_showResult' - lib\features\lesson\lesson_practice_screen.dart:980:7 - undefined_identifier
  error - Undefined name '_answerController' - lib\features\lesson\lesson_practice_screen.dart:981:7 - undefined_identifier
  error - Undefined name '_index' - lib\features\lesson\lesson_practice_screen.dart:982:7 - undefined_identifier
  error - Expected a method, getter, setter or operator declaration - lib\features\lesson\lesson_practice_screen.dart:990:1 - expected_executable

283 issues found. (ran in 1.6s)
